Synthesis report
Thu Jul  8 09:02:42 2021
Quartus Prime Version 21.2.0 Build 72 06/14/2021 SC Pro Edition


---------------------
; Table of Contents ;
---------------------
  1. Synthesis Summary
  2. Synthesis Settings
  3. Synthesis Source Files Read
  4. Synthesis Partition Summary
  5. Partition "root_partition" Resource Utilization by Entity
  6. General Register Statistics for Partition "root_partition"
  7. Multiplexer Restructuring Statistics (Restructuring Performed)
  8. Registers Added for RAM Pass-Through Logic
  9. Source Assignments for b_rtl_0|auto_generated
 10. Parameter Settings for Inferred Entity Instance: b_rtl_0
 11. Post-Synthesis Netlist Statistics for Partition "root_partition"
 12. Synthesis Resource Usage Summary for Partition "root_partition"
 13. Synthesis RAM Summary for Partition "root_partition"
 14. Synthesis Messages



+---------------------------------------------------------------+
; Synthesis Summary                                             ;
+-----------------------+---------------------------------------+
; Synthesis Status      ; Successful - Thu Jul  8 09:02:41 2021 ;
; Revision Name         ; router_reg                            ;
; Top-level Entity Name ; router_reg                            ;
; Family                ; Cyclone 10 GX                         ;
+-----------------------+---------------------------------------+


+---------------------------------------------------------------------------------------------------------------------------+
; Synthesis Settings                                                                                                        ;
+---------------------------------------------------------------------------------+--------------------+--------------------+
; Option                                                                          ; Setting            ; Default Value      ;
+---------------------------------------------------------------------------------+--------------------+--------------------+
; Device                                                                          ; 10CX220YF780I5G    ;                    ;
; Top-level entity name                                                           ; router_reg         ; router_reg         ;
; Family name                                                                     ; Cyclone 10 GX      ; Cyclone 10 GX      ;
; Enable parallel Assembler and Timing Analyzer during compilation                ; On                 ; On                 ;
; Enable compact report table                                                     ; Off                ; Off                ;
; Design Assistant include IP blocks                                              ; Off                ; Off                ;
; High fanout net threshold for RAM inference                                     ; 15                 ; 15                 ;
; Design Assistant limit on reported violations per rule                          ; 500                ; 500                ;
; Optimization Mode                                                               ; Balanced           ; Balanced           ;
; Allow Register Merging                                                          ; On                 ; On                 ;
; Allow Register Duplication                                                      ; On                 ; On                 ;
; Allow Register Retiming                                                         ; On                 ; On                 ;
; Allow RAM Retiming                                                              ; Off                ; Off                ;
; Allow DSP Retiming                                                              ; Off                ; Off                ;
; Restructure Multiplexers                                                        ; Auto               ; Auto               ;
; MLAB Add Timing Constraints For Mixed-Port Feed-Through Mode Setting Don't Care ; Off                ; Off                ;
; Preserve fewer node names                                                       ; On                 ; On                 ;
; Intel FPGA IP Evaluation Mode                                                   ; Enable             ; Enable             ;
; Verilog Version                                                                 ; Verilog_2001       ; Verilog_2001       ;
; VHDL Version                                                                    ; VHDL_1993          ; VHDL_1993          ;
; State Machine Processing                                                        ; Auto               ; Auto               ;
; Safe State Machine                                                              ; Auto               ; Auto               ;
; Iteration limit for constant Verilog loops                                      ; 5000               ; 5000               ;
; Iteration limit for non-constant Verilog loops                                  ; 250                ; 250                ;
; Infer RAMs from Raw Logic                                                       ; On                 ; On                 ;
; DSP Block Balancing                                                             ; Auto               ; Auto               ;
; NOT Gate Push-Back                                                              ; On                 ; On                 ;
; Power-Up Don't Care                                                             ; On                 ; On                 ;
; Remove Redundant Logic Cells                                                    ; Off                ; Off                ;
; Remove Duplicate Registers                                                      ; On                 ; On                 ;
; Ignore GLOBAL Buffers                                                           ; Off                ; Off                ;
; Ignore LCELL Buffers                                                            ; Off                ; Off                ;
; Ignore SOFT Buffers                                                             ; On                 ; On                 ;
; Optimization Technique                                                          ; Balanced           ; Balanced           ;
; Auto Open-Drain Pins                                                            ; On                 ; On                 ;
; Perform WYSIWYG Primitive Resynthesis                                           ; Off                ; Off                ;
; Auto ROM Replacement                                                            ; On                 ; On                 ;
; Auto RAM Replacement                                                            ; On                 ; On                 ;
; Auto DSP Block Replacement                                                      ; On                 ; On                 ;
; Auto Shift Register Replacement                                                 ; Auto               ; Auto               ;
; Allow Shift Register Merging across Hierarchies                                 ; Auto               ; Auto               ;
; Auto Clock Enable Replacement                                                   ; On                 ; On                 ;
; Strict RAM Replacement                                                          ; Off                ; Off                ;
; Allow Synchronous Control Signals                                               ; On                 ; On                 ;
; Force Use of Synchronous Clear Signals                                          ; Off                ; Off                ;
; Auto Resource Sharing                                                           ; Off                ; Off                ;
; Allow Any RAM Size For Recognition                                              ; Off                ; Off                ;
; Allow Any ROM Size For Recognition                                              ; Off                ; Off                ;
; Allow Any Shift Register Size For Recognition                                   ; Off                ; Off                ;
; Ignore translate_off and synthesis_off directives                               ; Off                ; Off                ;
; Timing-Driven Synthesis                                                         ; On                 ; On                 ;
; Ignore Maximum Fan-Out Assignments                                              ; Off                ; Off                ;
; Synchronization Register Chain Length                                           ; 3                  ; 3                  ;
; Power Optimization During Synthesis                                             ; Normal compilation ; Normal compilation ;
; HDL message level                                                               ; Level2             ; Level2             ;
; Number of Protected Registers Reported in Synthesis Report                      ; 100                ; 100                ;
; Number of Removed Registers Reported in Synthesis Report                        ; 5000               ; 5000               ;
; Number of Swept Nodes Reported in Synthesis Report                              ; 5000               ; 5000               ;
; Number of Inverted Registers Reported in Synthesis Report                       ; 100                ; 100                ;
; Clock MUX Protection                                                            ; On                 ; On                 ;
; Auto Gated Clock Conversion                                                     ; Off                ; Off                ;
; Block Design Naming                                                             ; Auto               ; Auto               ;
; SDC constraint protection                                                       ; Off                ; Off                ;
; Synthesis Effort                                                                ; Auto               ; Auto               ;
; Shift Register Replacement - Allow Asynchronous Clear Signal                    ; On                 ; On                 ;
; Analysis & Synthesis Message Level                                              ; Medium             ; Medium             ;
; Disable Register Merging Across Hierarchies                                     ; Auto               ; Auto               ;
; Resource Aware Inference For Block RAM                                          ; On                 ; On                 ;
; Automatic Parallel Synthesis                                                    ; On                 ; On                 ;
; Partial Reconfiguration Bitstream ID                                            ; Off                ; Off                ;
; Disable DSP Negate Inferencing                                                  ; Off                ; Off                ;
; Report Parameter Settings                                                       ; On                 ; On                 ;
; Report Parameter Settings to ASCII                                              ; On                 ; On                 ;
; Report Source Assignments                                                       ; On                 ; On                 ;
; Report Source Assignments to ASCII                                              ; On                 ; On                 ;
; Report Resource Utilization by Entity to ASCII                                  ; On                 ; On                 ;
; Size of the Latch Report                                                        ; 100                ; 100                ;
; Enable VHDL static assertion support                                            ; Off                ; Off                ;
; Enable SystemVerilog static assertion support                                   ; Off                ; Off                ;
; Enable State Machines Inference                                                 ; On                 ; On                 ;
; Enable formal verification support during compilation                           ; Off                ; Off                ;
; Size of the PR Initial Conditions Report                                        ; 100                ; 100                ;
; Number of Registers with Ignored Power-Up Settings Reported in Synthesis Report ; 500                ; 500                ;
; Report PR Initial Values as Errors                                              ; Off                ; Off                ;
; Fractal Synthesis                                                               ; Off                ; Off                ;
; Synthesis Available Resource Multiplier                                         ; 1                  ; 1                  ;
; Message Level for Unconnected Output Ports                                      ; Warning            ; Warning            ;
; Pack Barrelshifters into Carry Chains for Better Area                           ; Auto               ; Auto               ;
+---------------------------------------------------------------------------------+--------------------+--------------------+


+-----------------------------------------------------------------------------------------------------------------------------------------------------------------------------------------------------------------------------------------------------------------------------------------------------------------+
; Synthesis Source Files Read                                                                                                                                                                                                                                                                                     ;
+------------------------------------------------------------------------------------------------------------------+------------------------------+------------------------------------------------------------------------------------------------------------------+---------+----------------------------------+
; File Name with User-Entered Path                                                                                 ; File Type                    ; File Name with Absolute Path                                                                                     ; Library ; MD5                              ;
+------------------------------------------------------------------------------------------------------------------+------------------------------+------------------------------------------------------------------------------------------------------------------+---------+----------------------------------+
; ../router_reg.v                                                                                                  ; User Verilog HDL File        ; C:/Users/User/Documents/Code-sync/Maven_verilog/Router/router_reg.v                                              ;         ; 1763187923e10a4b5f2f05aaadd7c96e ;
; c:/intelfpga_pro/21.2/quartus/libraries/megafunctions/altsyncram.tdf                                             ; Megafunction                 ; c:/intelfpga_pro/21.2/quartus/libraries/megafunctions/altsyncram.tdf                                             ; work    ;                                  ;
; stratix_ram_block.inc                                                                                            ; Auto-Found AHDL File         ; c:/intelfpga_pro/21.2/quartus/libraries/megafunctions/stratix_ram_block.inc                                      ;         ;                                  ;
; lpm_mux.inc                                                                                                      ; Auto-Found AHDL File         ; c:/intelfpga_pro/21.2/quartus/libraries/megafunctions/lpm_mux.inc                                                ;         ;                                  ;
; lpm_decode.inc                                                                                                   ; Auto-Found AHDL File         ; c:/intelfpga_pro/21.2/quartus/libraries/megafunctions/lpm_decode.inc                                             ;         ;                                  ;
; aglobal212.inc                                                                                                   ; Auto-Found AHDL File         ; c:/intelfpga_pro/21.2/quartus/libraries/megafunctions/aglobal212.inc                                             ;         ;                                  ;
; a_rdenreg.inc                                                                                                    ; Auto-Found AHDL File         ; c:/intelfpga_pro/21.2/quartus/libraries/megafunctions/a_rdenreg.inc                                              ;         ;                                  ;
; altrom.inc                                                                                                       ; Auto-Found AHDL File         ; c:/intelfpga_pro/21.2/quartus/libraries/megafunctions/altrom.inc                                                 ;         ;                                  ;
; altram.inc                                                                                                       ; Auto-Found AHDL File         ; c:/intelfpga_pro/21.2/quartus/libraries/megafunctions/altram.inc                                                 ;         ;                                  ;
; altdpram.inc                                                                                                     ; Auto-Found AHDL File         ; c:/intelfpga_pro/21.2/quartus/libraries/megafunctions/altdpram.inc                                               ;         ;                                  ;
; cbx.lst                                                                                                          ; Auto-Found Unspecified File  ; c:/intelfpga_pro/21.2/quartus/libraries/megafunctions/cbx.lst                                                    ;         ;                                  ;
; C:/Users/User/Documents/Code-sync/Maven_verilog/Router/reg_synt/tmp-clearbox/router_reg/6056/altsyncram_16l1.tdf ; Auto-Generated Megafunction  ; C:/Users/User/Documents/Code-sync/Maven_verilog/Router/reg_synt/tmp-clearbox/router_reg/6056/altsyncram_16l1.tdf ;         ;                                  ;
+------------------------------------------------------------------------------------------------------------------+------------------------------+------------------------------------------------------------------------------------------------------------------+---------+----------------------------------+


+--------------------------------------------------------------------------------------------+
; Synthesis Partition Summary                                                                ;
+----------------+----------------+---------+--------------+-------+-------------------------+
; Partition Name ; Hierarchy Path ; Type    ; Preservation ; Empty ; Partition Database File ;
+----------------+----------------+---------+--------------+-------+-------------------------+
; root_partition ; |              ; Default ;              ;       ;                         ;
+----------------+----------------+---------+--------------+-------+-------------------------+


+--------------------------------------------------------------------------------------------------------------------------------------------------------------------------------------------------------+
; Partition "root_partition" Resource Utilization by Entity                                                                                                                                              ;
+----------------------------+---------------------+---------------------------+-------------------+------------+------+--------------+--------+------------------------+-----------------+--------------+
; Compilation Hierarchy Node ; Combinational ALUTs ; Dedicated Logic Registers ; Block Memory Bits ; DSP Blocks ; Pins ; Virtual Pins ; IOPLLs ; Full Hierarchy Name    ; Entity Name     ; Library Name ;
+----------------------------+---------------------+---------------------------+-------------------+------------+------+--------------+--------+------------------------+-----------------+--------------+
; |                          ; 43 (43)             ; 56 (56)                   ; 256               ; 0          ; 0    ; 0            ; 0 (0)  ; |                      ; router_reg      ; altera_work  ;
;    |b_rtl_0|               ; 0 (0)               ; 0 (0)                     ; 256               ; 0          ; 0    ; 0            ; 0 (0)  ; b_rtl_0                ; altsyncram      ; work         ;
;       |auto_generated|     ; 0 (0)               ; 0 (0)                     ; 256               ; 0          ; 0    ; 0            ; 0 (0)  ; b_rtl_0|auto_generated ; altsyncram_16l1 ; work         ;
+----------------------------+---------------------+---------------------------+-------------------+------------+------+--------------+--------+------------------------+-----------------+--------------+
Note: For table entries with two numbers listed, the numbers in parentheses indicate the number of resources of the given type used by the specific entity alone. The numbers listed outside of parentheses indicate the total resources of the given type used by the specific entity and all of its sub-entities in the hierarchy.


+------------------------------------------------------------+
; General Register Statistics for Partition "root_partition" ;
+----------------------------------------------+-------------+
; Statistic                                    ; Value       ;
+----------------------------------------------+-------------+
; Total registers                              ; 56          ;
; Number of registers using Synchronous Clear  ; 14          ;
; Number of registers using Synchronous Load   ; 8           ;
; Number of registers using Asynchronous Clear ; 0           ;
; Number of registers using Asynchronous Load  ; 0           ;
; Number of registers using Clock Enable       ; 29          ;
; Number of registers using Preset             ; 0           ;
+----------------------------------------------+-------------+


+--------------------------------------------------------------------------------------------------------------------------------------------------------------------+
; Multiplexer Restructuring Statistics (Restructuring Performed)                                                                                                     ;
+--------------------+-----------+---------------+----------------------+------------------------+------------+----------------------------+-------------------------+
; Multiplexer Inputs ; Bus Width ; Baseline Area ; Area if Restructured ; Saving if Restructured ; Registered ; Example Multiplexer Output ; Restructuring Performed ;
+--------------------+-----------+---------------+----------------------+------------------------+------------+----------------------------+-------------------------+
; 3:1                ; 5 bits    ; 10 LEs        ; 5 LEs                ; 5 LEs                  ; Yes        ; count_b[0]                 ; Yes                     ;
; 3:1                ; 8 bits    ; 16 LEs        ; 0 LEs                ; 16 LEs                 ; Yes        ; c[0]                       ; Yes                     ;
; 6:1                ; 8 bits    ; 32 LEs        ; 16 LEs               ; 16 LEs                 ; Yes        ; dout[0]~reg0               ; Yes                     ;
; 3:1                ; 5 bits    ; 10 LEs        ; 10 LEs               ; 0 LEs                  ; No         ; i205                       ; Yes                     ;
+--------------------+-----------+---------------+----------------------+------------------------+------------+----------------------------+-------------------------+


+--------------------------------------------+
; Registers Added for RAM Pass-Through Logic ;
+--------------------+-----------------------+
; Register Name      ; RAM Name              ;
+--------------------+-----------------------+
; b_rtl_0_bypass[0]  ; b_rtl_0               ;
; b_rtl_0_bypass[1]  ; b_rtl_0               ;
; b_rtl_0_bypass[2]  ; b_rtl_0               ;
; b_rtl_0_bypass[3]  ; b_rtl_0               ;
; b_rtl_0_bypass[4]  ; b_rtl_0               ;
; b_rtl_0_bypass[5]  ; b_rtl_0               ;
; b_rtl_0_bypass[6]  ; b_rtl_0               ;
; b_rtl_0_bypass[7]  ; b_rtl_0               ;
; b_rtl_0_bypass[8]  ; b_rtl_0               ;
; b_rtl_0_bypass[9]  ; b_rtl_0               ;
; b_rtl_0_bypass[10] ; b_rtl_0               ;
; b_rtl_0_bypass[11] ; b_rtl_0               ;
; b_rtl_0_bypass[12] ; b_rtl_0               ;
; b_rtl_0_bypass[13] ; b_rtl_0               ;
; b_rtl_0_bypass[14] ; b_rtl_0               ;
; b_rtl_0_bypass[15] ; b_rtl_0               ;
; b_rtl_0_bypass[16] ; b_rtl_0               ;
; b_rtl_0_bypass[17] ; b_rtl_0               ;
; b_rtl_0_bypass[18] ; b_rtl_0               ;
+--------------------+-----------------------+


+-----------------------------------------------------------------------------------------------------------------------+
; Source Assignments for b_rtl_0|auto_generated                                                                         ;
+---------------------------------+--------------------+------+----+----------------------------------------------------+
; Assignment                      ; Value              ; From ; To ; Source Location                                    ;
+---------------------------------+--------------------+------+----+----------------------------------------------------+
; OPTIMIZE_POWER_DURING_SYNTHESIS ; NORMAL_COMPILATION ; -    ; -  ; tmp-clearbox/router_reg/6056/altsyncram_16l1.tdf:0 ;
+---------------------------------+--------------------+------+----+----------------------------------------------------+


+--------------------------------------------------------------------------+
; Parameter Settings for Inferred Entity Instance: b_rtl_0                 ;
+------------------------------------+----------------------+--------------+
; Parameter Name                     ; Value                ; Type         ;
+------------------------------------+----------------------+--------------+
; BYTE_SIZE_BLOCK                    ; 8                    ; Untyped      ;
; AUTO_CARRY_CHAINS                  ; ON                   ; Untyped      ;
; IGNORE_CARRY_BUFFERS               ; OFF                  ; Untyped      ;
; AUTO_CASCADE_CHAINS                ; ON                   ; AUTO_CASCADE ;
; IGNORE_CASCADE_BUFFERS             ; OFF                  ; Untyped      ;
; WIDTH_BYTEENA                      ; 1                    ; Untyped      ;
; OPERATION_MODE                     ; DUAL_PORT            ; Untyped      ;
; WIDTH_A                            ; 8                    ; Untyped      ;
; WIDTHAD_A                          ; 5                    ; Untyped      ;
; NUMWORDS_A                         ; 32                   ; Untyped      ;
; OUTDATA_REG_A                      ; UNREGISTERED         ; Untyped      ;
; ADDRESS_ACLR_A                     ; NONE                 ; Untyped      ;
; OUTDATA_ACLR_A                     ; NONE                 ; Untyped      ;
; WRCONTROL_ACLR_A                   ; NONE                 ; Untyped      ;
; INDATA_ACLR_A                      ; NONE                 ; Untyped      ;
; BYTEENA_ACLR_A                     ; NONE                 ; Untyped      ;
; WIDTH_B                            ; 8                    ; Untyped      ;
; WIDTHAD_B                          ; 5                    ; Untyped      ;
; NUMWORDS_B                         ; 32                   ; Untyped      ;
; INDATA_REG_B                       ; CLOCK1               ; Untyped      ;
; WRCONTROL_WRADDRESS_REG_B          ; CLOCK1               ; Untyped      ;
; RDCONTROL_REG_B                    ; CLOCK1               ; Untyped      ;
; ADDRESS_REG_B                      ; CLOCK0               ; Untyped      ;
; OUTDATA_REG_B                      ; UNREGISTERED         ; Untyped      ;
; BYTEENA_REG_B                      ; CLOCK1               ; Untyped      ;
; INDATA_ACLR_B                      ; NONE                 ; Untyped      ;
; WRCONTROL_ACLR_B                   ; NONE                 ; Untyped      ;
; ADDRESS_ACLR_B                     ; NONE                 ; Untyped      ;
; OUTDATA_ACLR_B                     ; NONE                 ; Untyped      ;
; RDCONTROL_ACLR_B                   ; NONE                 ; Untyped      ;
; BYTEENA_ACLR_B                     ; NONE                 ; Untyped      ;
; WIDTH_BYTEENA_A                    ; 1                    ; Untyped      ;
; WIDTH_BYTEENA_B                    ; 1                    ; Untyped      ;
; RAM_BLOCK_TYPE                     ; AUTO                 ; Untyped      ;
; BYTE_SIZE                          ; 8                    ; Untyped      ;
; READ_DURING_WRITE_MODE_MIXED_PORTS ; OLD_DATA             ; Untyped      ;
; READ_DURING_WRITE_MODE_PORT_A      ; NEW_DATA_NO_NBE_READ ; Untyped      ;
; READ_DURING_WRITE_MODE_PORT_B      ; NEW_DATA_NO_NBE_READ ; Untyped      ;
; INIT_FILE                          ; UNUSED               ; Untyped      ;
; INIT_FILE_LAYOUT                   ; PORT_A               ; Untyped      ;
; MAXIMUM_DEPTH                      ; 0                    ; Untyped      ;
; CLOCK_ENABLE_INPUT_A               ; NORMAL               ; Untyped      ;
; CLOCK_ENABLE_INPUT_B               ; NORMAL               ; Untyped      ;
; CLOCK_ENABLE_OUTPUT_A              ; NORMAL               ; Untyped      ;
; CLOCK_ENABLE_OUTPUT_B              ; NORMAL               ; Untyped      ;
; CLOCK_ENABLE_CORE_A                ; USE_INPUT_CLKEN      ; Untyped      ;
; CLOCK_ENABLE_CORE_B                ; USE_INPUT_CLKEN      ; Untyped      ;
; ENABLE_ECC                         ; FALSE                ; Untyped      ;
; ECC_PIPELINE_STAGE_ENABLED         ; FALSE                ; Untyped      ;
; WIDTH_ECCSTATUS                    ; 3                    ; Untyped      ;
; DEVICE_FAMILY                      ; Cyclone 10 GX        ; Untyped      ;
; CBXI_PARAMETER                     ; altsyncram_16l1      ; Untyped      ;
+------------------------------------+----------------------+--------------+


+------------------------------------------------------------------+
; Post-Synthesis Netlist Statistics for Partition "root_partition" ;
+------------------------+-----------------------------------------+
; Type                   ; Count                                   ;
+------------------------+-----------------------------------------+
; boundary_port          ; 29                                      ;
; cyclone10gx_ff         ; 56                                      ;
;     ENA                ; 9                                       ;
;     ENA SCLR           ; 12                                      ;
;     ENA SLD            ; 8                                       ;
;     SCLR               ; 2                                       ;
;     plain              ; 25                                      ;
; cyclone10gx_lcell_comb ; 43                                      ;
;     normal             ; 43                                      ;
;         2 data inputs  ; 12                                      ;
;         3 data inputs  ; 3                                       ;
;         4 data inputs  ; 8                                       ;
;         5 data inputs  ; 4                                       ;
;         6 data inputs  ; 16                                      ;
; cyclone10gx_ram_block  ; 8                                       ;
;                        ;                                         ;
; Number of carry chains ; 0                                       ;
; Max carry chain length ; 0                                       ;
;                        ;                                         ;
; Max LUT depth          ; 2.00                                    ;
; Average LUT depth      ; 1.41                                    ;
+------------------------+-----------------------------------------+


+-----------------------------------------------------------------+
; Synthesis Resource Usage Summary for Partition "root_partition" ;
+---------------------------------------------+-------------------+
; Resource                                    ; Usage             ;
+---------------------------------------------+-------------------+
; Estimate of Logic utilization (ALMs needed) ; 33                ;
;                                             ;                   ;
; Combinational ALUT usage for logic          ; 43                ;
;     -- 7 input functions                    ; 0                 ;
;     -- 6 input functions                    ; 16                ;
;     -- 5 input functions                    ; 4                 ;
;     -- 4 input functions                    ; 8                 ;
;     -- <=3 input functions                  ; 15                ;
;                                             ;                   ;
; Dedicated logic registers                   ; 56                ;
;                                             ;                   ;
; I/O pins                                    ; 29                ;
; Total MLAB memory bits                      ; 0                 ;
; Total block memory bits                     ; 256               ;
;                                             ;                   ;
; Total DSP Blocks                            ; 0                 ;
;     -- [A] Total Fixed Point DSP Blocks     ; 0                 ;
;     -- [B] Total Floating Point DSP Blocks  ; 0                 ;
;                                             ;                   ;
; Maximum fan-out node                        ; clock             ;
; Maximum fan-out                             ; 64                ;
; Total fan-out                               ; 467               ;
; Average fan-out                             ; 3.43              ;
+---------------------------------------------+-------------------+


+---------------------------------------------------------------------------------------------------------------------------------------+
; Synthesis RAM Summary for Partition "root_partition"                                                                                  ;
+-----------------------------------+------+------------------+--------------+--------------+--------------+--------------+------+------+
; Name                              ; Type ; Mode             ; Port A Depth ; Port A Width ; Port B Depth ; Port B Width ; Size ; MIF  ;
+-----------------------------------+------+------------------+--------------+--------------+--------------+--------------+------+------+
; b_rtl_0|auto_generated|ALTSYNCRAM ; AUTO ; Simple Dual Port ; 32           ; 8            ; 32           ; 8            ; 256  ; None ;
+-----------------------------------+------+------------------+--------------+--------------+--------------+--------------+------+------+


+--------------------+
; Synthesis Messages ;
+--------------------+
Info: *******************************************************************
Info: Running Quartus Prime Synthesis
    Info: Version 21.2.0 Build 72 06/14/2021 SC Pro Edition
    Info: Processing started: Thu Jul  8 09:02:30 2021
    Info: System process ID: 6056
Info: Command: quartus_syn --read_settings_files=on --write_settings_files=off router_reg -c router_reg
Info: qis_default_flow_script.tcl version: #2
Info: Initializing Synthesis...
Info: Project = "router_reg"
Info: Revision = "router_reg"
Info: Analyzing source files
Info: Elaborating from top-level entity "router_reg"
Warning (13469): Verilog HDL assignment warning at router_reg.v(29): truncated value with size 6 to match size of target (5) File: C:/Users/User/Documents/Code-sync/Maven_verilog/Router/router_reg.v Line: 29
Warning (13469): Verilog HDL assignment warning at router_reg.v(33): truncated value with size 9 to match size of target (8) File: C:/Users/User/Documents/Code-sync/Maven_verilog/Router/router_reg.v Line: 33
Warning (13469): Verilog HDL assignment warning at router_reg.v(34): truncated value with size 6 to match size of target (5) File: C:/Users/User/Documents/Code-sync/Maven_verilog/Router/router_reg.v Line: 34
Info: Found 1 design entities
Info: There are 1 partitions after elaboration.
Info: Creating instance-specific data models and dissolving soft partitions
Info (18299): Expanding entity and wildcard assignments.
Info (18300): Expanded entity and wildcard assignments. Elapsed time: 00:00:00
Info: found pre-synthesis snapshots for 1 partition(s)
Info: Synthesizing partition "root_partition"
Warning (276020): Inferred RAM node "b_rtl_0" from synchronous design logic.  Pass-through logic has been added to match the read-during-write behavior of the original design.
Info (19000): Inferred 1 megafunctions from design logic
    Info (276029): Inferred altsyncram megafunction from the following design logic: "b_rtl_0" 
        Info (286033): Parameter OPERATION_MODE set to DUAL_PORT
        Info (286033): Parameter WIDTH_A set to 8
        Info (286033): Parameter WIDTHAD_A set to 5
        Info (286033): Parameter NUMWORDS_A set to 32
        Info (286033): Parameter WIDTH_B set to 8
        Info (286033): Parameter WIDTHAD_B set to 5
        Info (286033): Parameter NUMWORDS_B set to 32
        Info (286033): Parameter ADDRESS_ACLR_A set to NONE
        Info (286033): Parameter OUTDATA_REG_B set to UNREGISTERED
        Info (286033): Parameter ADDRESS_ACLR_B set to NONE
        Info (286033): Parameter OUTDATA_ACLR_B set to NONE
        Info (286033): Parameter ADDRESS_REG_B set to CLOCK0
        Info (286033): Parameter INDATA_ACLR_A set to NONE
        Info (286033): Parameter WRCONTROL_ACLR_A set to NONE
        Info (286033): Parameter READ_DURING_WRITE_MODE_MIXED_PORTS set to OLD_DATA
Info (286030): Timing-Driven Synthesis is running
Info (21057): Implemented 113 device resources after synthesis - the final resource count might be different
    Info (21058): Implemented 18 input pins
    Info (21059): Implemented 11 output pins
    Info (21061): Implemented 76 logic cells
    Info (21064): Implemented 8 RAM segments
Info: Successfully synthesized partition
Info: Saving post-synthesis snapshots for 1 partition(s)
Info: Quartus Prime Synthesis was successful. 0 errors, 4 warnings
    Info: Peak virtual memory: 501 megabytes
    Info: Processing ended: Thu Jul  8 09:02:42 2021
    Info: Elapsed time: 00:00:12
    Info: System process ID: 6056


