Synthesis report
Tue Aug  3 09:40:33 2021
Quartus Prime Version 21.2.0 Build 72 06/14/2021 SC Pro Edition


---------------------
; Table of Contents ;
---------------------
  1. Synthesis Summary
  2. Synthesis Settings
  3. Synthesis Source Files Read
  4. Synthesis Partition Summary
  5. Partition "root_partition" Resource Utilization by Entity
  6. General Register Statistics for Partition "root_partition"
  7. Parameter Settings for Inferred Entity Instance: div_0_rtl_0
  8. Parameter Settings for Inferred Entity Instance: mod_0_rtl_0
  9. Post-Synthesis Netlist Statistics for Partition "root_partition"
 10. Synthesis Resource Usage Summary for Partition "root_partition"
 11. Synthesis Messages



+---------------------------------------------------------------+
; Synthesis Summary                                             ;
+-----------------------+---------------------------------------+
; Synthesis Status      ; Successful - Tue Aug  3 09:40:33 2021 ;
; Revision Name         ; quotient_divider                      ;
; Top-level Entity Name ; quotient_divider                      ;
; Family                ; Cyclone 10 GX                         ;
+-----------------------+---------------------------------------+


+---------------------------------------------------------------------------------------------------------------------------+
; Synthesis Settings                                                                                                        ;
+---------------------------------------------------------------------------------+--------------------+--------------------+
; Option                                                                          ; Setting            ; Default Value      ;
+---------------------------------------------------------------------------------+--------------------+--------------------+
; Device                                                                          ; 10CX220YF780I5G    ;                    ;
; Top-level entity name                                                           ; quotient_divider   ; quotient_divider   ;
; Family name                                                                     ; Cyclone 10 GX      ; Cyclone 10 GX      ;
; Enable parallel Assembler and Timing Analyzer during compilation                ; On                 ; On                 ;
; Enable compact report table                                                     ; Off                ; Off                ;
; Design Assistant include IP blocks                                              ; Off                ; Off                ;
; High fanout net threshold for RAM inference                                     ; 15                 ; 15                 ;
; Design Assistant limit on reported violations per rule                          ; 5000               ; 5000               ;
; Optimization Mode                                                               ; Balanced           ; Balanced           ;
; Allow Register Merging                                                          ; On                 ; On                 ;
; Allow Register Duplication                                                      ; On                 ; On                 ;
; Allow Register Retiming                                                         ; On                 ; On                 ;
; Allow RAM Retiming                                                              ; Off                ; Off                ;
; Allow DSP Retiming                                                              ; Off                ; Off                ;
; Restructure Multiplexers                                                        ; Auto               ; Auto               ;
; MLAB Add Timing Constraints For Mixed-Port Feed-Through Mode Setting Don't Care ; Off                ; Off                ;
; Preserve fewer node names                                                       ; On                 ; On                 ;
; Intel FPGA IP Evaluation Mode                                                   ; Enable             ; Enable             ;
; Verilog Version                                                                 ; Verilog_2001       ; Verilog_2001       ;
; VHDL Version                                                                    ; VHDL_1993          ; VHDL_1993          ;
; State Machine Processing                                                        ; Auto               ; Auto               ;
; Safe State Machine                                                              ; Auto               ; Auto               ;
; Iteration limit for constant Verilog loops                                      ; 5000               ; 5000               ;
; Iteration limit for non-constant Verilog loops                                  ; 250                ; 250                ;
; Infer RAMs from Raw Logic                                                       ; On                 ; On                 ;
; DSP Block Balancing                                                             ; Auto               ; Auto               ;
; NOT Gate Push-Back                                                              ; On                 ; On                 ;
; Power-Up Don't Care                                                             ; On                 ; On                 ;
; Remove Redundant Logic Cells                                                    ; Off                ; Off                ;
; Remove Duplicate Registers                                                      ; On                 ; On                 ;
; Ignore GLOBAL Buffers                                                           ; Off                ; Off                ;
; Ignore LCELL Buffers                                                            ; Off                ; Off                ;
; Ignore SOFT Buffers                                                             ; On                 ; On                 ;
; Optimization Technique                                                          ; Balanced           ; Balanced           ;
; Auto Open-Drain Pins                                                            ; On                 ; On                 ;
; Perform WYSIWYG Primitive Resynthesis                                           ; Off                ; Off                ;
; Auto ROM Replacement                                                            ; On                 ; On                 ;
; Auto RAM Replacement                                                            ; On                 ; On                 ;
; Auto DSP Block Replacement                                                      ; On                 ; On                 ;
; Auto Shift Register Replacement                                                 ; Auto               ; Auto               ;
; Allow Shift Register Merging across Hierarchies                                 ; Auto               ; Auto               ;
; Auto Clock Enable Replacement                                                   ; On                 ; On                 ;
; Strict RAM Replacement                                                          ; Off                ; Off                ;
; Allow Synchronous Control Signals                                               ; On                 ; On                 ;
; Force Use of Synchronous Clear Signals                                          ; Off                ; Off                ;
; Auto Resource Sharing                                                           ; Off                ; Off                ;
; Allow Any RAM Size For Recognition                                              ; Off                ; Off                ;
; Allow Any ROM Size For Recognition                                              ; Off                ; Off                ;
; Allow Any Shift Register Size For Recognition                                   ; Off                ; Off                ;
; Ignore translate_off and synthesis_off directives                               ; Off                ; Off                ;
; Timing-Driven Synthesis                                                         ; On                 ; On                 ;
; Ignore Maximum Fan-Out Assignments                                              ; Off                ; Off                ;
; Synchronization Register Chain Length                                           ; 3                  ; 3                  ;
; Power Optimization During Synthesis                                             ; Normal compilation ; Normal compilation ;
; HDL message level                                                               ; Level2             ; Level2             ;
; Number of Protected Registers Reported in Synthesis Report                      ; 100                ; 100                ;
; Number of Removed Registers Reported in Synthesis Report                        ; 5000               ; 5000               ;
; Number of Swept Nodes Reported in Synthesis Report                              ; 5000               ; 5000               ;
; Number of Inverted Registers Reported in Synthesis Report                       ; 100                ; 100                ;
; Clock MUX Protection                                                            ; On                 ; On                 ;
; Auto Gated Clock Conversion                                                     ; Off                ; Off                ;
; Block Design Naming                                                             ; Auto               ; Auto               ;
; SDC constraint protection                                                       ; Off                ; Off                ;
; Synthesis Effort                                                                ; Auto               ; Auto               ;
; Shift Register Replacement - Allow Asynchronous Clear Signal                    ; On                 ; On                 ;
; Analysis & Synthesis Message Level                                              ; Medium             ; Medium             ;
; Disable Register Merging Across Hierarchies                                     ; Auto               ; Auto               ;
; Resource Aware Inference For Block RAM                                          ; On                 ; On                 ;
; Automatic Parallel Synthesis                                                    ; On                 ; On                 ;
; Partial Reconfiguration Bitstream ID                                            ; Off                ; Off                ;
; Disable DSP Negate Inferencing                                                  ; Off                ; Off                ;
; Report Parameter Settings                                                       ; On                 ; On                 ;
; Report Parameter Settings to ASCII                                              ; On                 ; On                 ;
; Report Source Assignments                                                       ; On                 ; On                 ;
; Report Source Assignments to ASCII                                              ; On                 ; On                 ;
; Report Resource Utilization by Entity to ASCII                                  ; On                 ; On                 ;
; Size of the Latch Report                                                        ; 100                ; 100                ;
; Enable VHDL static assertion support                                            ; Off                ; Off                ;
; Enable SystemVerilog static assertion support                                   ; Off                ; Off                ;
; Enable State Machines Inference                                                 ; On                 ; On                 ;
; Enable formal verification support during compilation                           ; Off                ; Off                ;
; Size of the PR Initial Conditions Report                                        ; 100                ; 100                ;
; Number of Registers with Ignored Power-Up Settings Reported in Synthesis Report ; 500                ; 500                ;
; Report PR Initial Values as Errors                                              ; Off                ; Off                ;
; Fractal Synthesis                                                               ; Off                ; Off                ;
; Synthesis Available Resource Multiplier                                         ; 1                  ; 1                  ;
; Message Level for Unconnected Output Ports                                      ; Warning            ; Warning            ;
; Pack Barrelshifters into Carry Chains for Better Area                           ; Auto               ; Auto               ;
+---------------------------------------------------------------------------------+--------------------+--------------------+


+-------------------------------------------------------------------------------------------------------------------------------------------------------------------------------------------------------------------------------------------------------------------------------------------------------------------------------------------------------------+
; Synthesis Source Files Read                                                                                                                                                                                                                                                                                                                                 ;
+----------------------------------------------------------------------------------------------------------------------------------------+------------------------------+----------------------------------------------------------------------------------------------------------------------------------------+---------+----------------------------------+
; File Name with User-Entered Path                                                                                                       ; File Type                    ; File Name with Absolute Path                                                                                                           ; Library ; MD5                              ;
+----------------------------------------------------------------------------------------------------------------------------------------+------------------------------+----------------------------------------------------------------------------------------------------------------------------------------+---------+----------------------------------+
; quotient_divider.v                                                                                                                     ; User Verilog HDL File        ; C:/Users/User/Documents/Code-sync/Maven_verilog/Assignment/Quotient divider/quotient_divider.v                                         ;         ; 509d2e8fb60cce224c1afd9624ddd43e ;
; c:/intelfpga_pro/21.2/quartus/libraries/megafunctions/lpm_divide.tdf                                                                   ; Megafunction                 ; c:/intelfpga_pro/21.2/quartus/libraries/megafunctions/lpm_divide.tdf                                                                   ; work    ;                                  ;
; abs_divider.inc                                                                                                                        ; Auto-Found AHDL File         ; c:/intelfpga_pro/21.2/quartus/libraries/megafunctions/abs_divider.inc                                                                  ;         ;                                  ;
; sign_div_unsign.inc                                                                                                                    ; Auto-Found AHDL File         ; c:/intelfpga_pro/21.2/quartus/libraries/megafunctions/sign_div_unsign.inc                                                              ;         ;                                  ;
; aglobal212.inc                                                                                                                         ; Auto-Found AHDL File         ; c:/intelfpga_pro/21.2/quartus/libraries/megafunctions/aglobal212.inc                                                                   ;         ;                                  ;
; cbx.lst                                                                                                                                ; Auto-Found Unspecified File  ; c:/intelfpga_pro/21.2/quartus/libraries/megafunctions/cbx.lst                                                                          ;         ;                                  ;
; C:/Users/User/Documents/Code-sync/Maven_verilog/Assignment/Quotient divider/tmp-clearbox/quotient_divider/6132/alt_u_div_q6f.tdf       ; Auto-Generated Megafunction  ; C:/Users/User/Documents/Code-sync/Maven_verilog/Assignment/Quotient divider/tmp-clearbox/quotient_divider/6132/alt_u_div_q6f.tdf       ;         ;                                  ;
; C:/Users/User/Documents/Code-sync/Maven_verilog/Assignment/Quotient divider/tmp-clearbox/quotient_divider/6132/lpm_divide_00i.tdf      ; Auto-Generated Megafunction  ; C:/Users/User/Documents/Code-sync/Maven_verilog/Assignment/Quotient divider/tmp-clearbox/quotient_divider/6132/lpm_divide_00i.tdf      ;         ;                                  ;
; C:/Users/User/Documents/Code-sync/Maven_verilog/Assignment/Quotient divider/tmp-clearbox/quotient_divider/6132/sign_div_unsign_llh.tdf ; Auto-Generated Megafunction  ; C:/Users/User/Documents/Code-sync/Maven_verilog/Assignment/Quotient divider/tmp-clearbox/quotient_divider/6132/sign_div_unsign_llh.tdf ;         ;                                  ;
; C:/Users/User/Documents/Code-sync/Maven_verilog/Assignment/Quotient divider/tmp-clearbox/quotient_divider/6132/lpm_divide_3oh.tdf      ; Auto-Generated Megafunction  ; C:/Users/User/Documents/Code-sync/Maven_verilog/Assignment/Quotient divider/tmp-clearbox/quotient_divider/6132/lpm_divide_3oh.tdf      ;         ;                                  ;
+----------------------------------------------------------------------------------------------------------------------------------------+------------------------------+----------------------------------------------------------------------------------------------------------------------------------------+---------+----------------------------------+


+--------------------------------------------------------------------------------------------+
; Synthesis Partition Summary                                                                ;
+----------------+----------------+---------+--------------+-------+-------------------------+
; Partition Name ; Hierarchy Path ; Type    ; Preservation ; Empty ; Partition Database File ;
+----------------+----------------+---------+--------------+-------+-------------------------+
; root_partition ; |              ; Default ;              ;       ;                         ;
+----------------+----------------+---------+--------------+-------+-------------------------+


+--------------------------------------------------------------------------------------------------------------------------------------------------------------------------------------------------------------------------------+
; Partition "root_partition" Resource Utilization by Entity                                                                                                                                                                      ;
+----------------------------+---------------------+---------------------------+-------------------+------------+------+--------------+--------+--------------------------------------------+---------------------+--------------+
; Compilation Hierarchy Node ; Combinational ALUTs ; Dedicated Logic Registers ; Block Memory Bits ; DSP Blocks ; Pins ; Virtual Pins ; IOPLLs ; Full Hierarchy Name                        ; Entity Name         ; Library Name ;
+----------------------------+---------------------+---------------------------+-------------------+------------+------+--------------+--------+--------------------------------------------+---------------------+--------------+
; |                          ; 94 (0)              ; 0 (0)                     ; 0                 ; 0          ; 0    ; 0            ; 0 (0)  ; |                                          ; quotient_divider    ; altera_work  ;
;    |div_0_rtl_0|           ; 90 (0)              ; 0 (0)                     ; 0                 ; 0          ; 0    ; 0            ; 0 (0)  ; div_0_rtl_0                                ; lpm_divide          ; work         ;
;       |auto_generated|     ; 90 (0)              ; 0 (0)                     ; 0                 ; 0          ; 0    ; 0            ; 0 (0)  ; div_0_rtl_0|auto_generated                 ; lpm_divide_00i      ; work         ;
;          |divider|         ; 90 (0)              ; 0 (0)                     ; 0                 ; 0          ; 0    ; 0            ; 0 (0)  ; div_0_rtl_0|auto_generated|divider         ; sign_div_unsign_llh ; altera_work  ;
;             |divider|      ; 90 (90)             ; 0 (0)                     ; 0                 ; 0          ; 0    ; 0            ; 0 (0)  ; div_0_rtl_0|auto_generated|divider|divider ; alt_u_div_q6f       ; altera_work  ;
;    |mod_0_rtl_0|           ; 4 (0)               ; 0 (0)                     ; 0                 ; 0          ; 0    ; 0            ; 0 (0)  ; mod_0_rtl_0                                ; lpm_divide          ; work         ;
;       |auto_generated|     ; 4 (0)               ; 0 (0)                     ; 0                 ; 0          ; 0    ; 0            ; 0 (0)  ; mod_0_rtl_0|auto_generated                 ; lpm_divide_3oh      ; work         ;
;          |divider|         ; 4 (0)               ; 0 (0)                     ; 0                 ; 0          ; 0    ; 0            ; 0 (0)  ; mod_0_rtl_0|auto_generated|divider         ; sign_div_unsign_llh ; altera_work  ;
;             |divider|      ; 4 (4)               ; 0 (0)                     ; 0                 ; 0          ; 0    ; 0            ; 0 (0)  ; mod_0_rtl_0|auto_generated|divider|divider ; alt_u_div_q6f       ; altera_work  ;
+----------------------------+---------------------+---------------------------+-------------------+------------+------+--------------+--------+--------------------------------------------+---------------------+--------------+
Note: For table entries with two numbers listed, the numbers in parentheses indicate the number of resources of the given type used by the specific entity alone. The numbers listed outside of parentheses indicate the total resources of the given type used by the specific entity and all of its sub-entities in the hierarchy.


+------------------------------------------------------------+
; General Register Statistics for Partition "root_partition" ;
+----------------------------------------------+-------------+
; Statistic                                    ; Value       ;
+----------------------------------------------+-------------+
; Total registers                              ; 0           ;
; Number of registers using Synchronous Clear  ; 0           ;
; Number of registers using Synchronous Load   ; 0           ;
; Number of registers using Asynchronous Clear ; 0           ;
; Number of registers using Asynchronous Load  ; 0           ;
; Number of registers using Clock Enable       ; 0           ;
; Number of registers using Preset             ; 0           ;
+----------------------------------------------+-------------+


+--------------------------------------------------------------+
; Parameter Settings for Inferred Entity Instance: div_0_rtl_0 ;
+------------------------+----------------+--------------------+
; Parameter Name         ; Value          ; Type               ;
+------------------------+----------------+--------------------+
; LPM_WIDTHN             ; 11             ; Untyped            ;
; LPM_WIDTHD             ; 4              ; Untyped            ;
; LPM_NREPRESENTATION    ; UNSIGNED       ; Untyped            ;
; LPM_DREPRESENTATION    ; UNSIGNED       ; Untyped            ;
; LPM_PIPELINE           ; 0              ; Untyped            ;
; LPM_REMAINDERPOSITIVE  ; TRUE           ; Untyped            ;
; MAXIMIZE_SPEED         ; 5              ; Untyped            ;
; CBXI_PARAMETER         ; lpm_divide_00i ; Untyped            ;
; CARRY_CHAIN            ; MANUAL         ; Untyped            ;
; OPTIMIZE_FOR_SPEED     ; 5              ; Untyped            ;
; AUTO_CARRY_CHAINS      ; ON             ; Untyped            ;
; IGNORE_CARRY_BUFFERS   ; OFF            ; Untyped            ;
; AUTO_CASCADE_CHAINS    ; ON             ; AUTO_CASCADE       ;
; IGNORE_CASCADE_BUFFERS ; OFF            ; Untyped            ;
+------------------------+----------------+--------------------+


+--------------------------------------------------------------+
; Parameter Settings for Inferred Entity Instance: mod_0_rtl_0 ;
+------------------------+----------------+--------------------+
; Parameter Name         ; Value          ; Type               ;
+------------------------+----------------+--------------------+
; LPM_WIDTHN             ; 11             ; Untyped            ;
; LPM_WIDTHD             ; 4              ; Untyped            ;
; LPM_NREPRESENTATION    ; UNSIGNED       ; Untyped            ;
; LPM_DREPRESENTATION    ; UNSIGNED       ; Untyped            ;
; LPM_PIPELINE           ; 0              ; Untyped            ;
; LPM_REMAINDERPOSITIVE  ; TRUE           ; Untyped            ;
; MAXIMIZE_SPEED         ; 5              ; Untyped            ;
; CBXI_PARAMETER         ; lpm_divide_3oh ; Untyped            ;
; CARRY_CHAIN            ; MANUAL         ; Untyped            ;
; OPTIMIZE_FOR_SPEED     ; 5              ; Untyped            ;
; AUTO_CARRY_CHAINS      ; ON             ; Untyped            ;
; IGNORE_CARRY_BUFFERS   ; OFF            ; Untyped            ;
; AUTO_CASCADE_CHAINS    ; ON             ; AUTO_CASCADE       ;
; IGNORE_CASCADE_BUFFERS ; OFF            ; Untyped            ;
+------------------------+----------------+--------------------+


+------------------------------------------------------------------+
; Post-Synthesis Netlist Statistics for Partition "root_partition" ;
+------------------------+-----------------------------------------+
; Type                   ; Count                                   ;
+------------------------+-----------------------------------------+
; boundary_port          ; 30                                      ;
; cyclone10gx_lcell_comb ; 94                                      ;
;     arith              ; 55                                      ;
;         0 data inputs  ; 16                                      ;
;         2 data inputs  ; 22                                      ;
;         3 data inputs  ; 7                                       ;
;         4 data inputs  ; 8                                       ;
;         5 data inputs  ; 2                                       ;
;     normal             ; 39                                      ;
;         1 data inputs  ; 8                                       ;
;         2 data inputs  ; 2                                       ;
;         3 data inputs  ; 13                                      ;
;         5 data inputs  ; 11                                      ;
;         6 data inputs  ; 5                                       ;
;                        ;                                         ;
; Number of carry chains ; 8                                       ;
; Max carry chain length ; 7                                       ;
;                        ;                                         ;
; Max LUT depth          ; 21.10                                   ;
; Average LUT depth      ; 17.72                                   ;
+------------------------+-----------------------------------------+


+-----------------------------------------------------------------+
; Synthesis Resource Usage Summary for Partition "root_partition" ;
+---------------------------------------------+-------------------+
; Resource                                    ; Usage             ;
+---------------------------------------------+-------------------+
; Estimate of Logic utilization (ALMs needed) ; 50                ;
;                                             ;                   ;
; Combinational ALUT usage for logic          ; 94                ;
;     -- 7 input functions                    ; 0                 ;
;     -- 6 input functions                    ; 5                 ;
;     -- 5 input functions                    ; 13                ;
;     -- 4 input functions                    ; 8                 ;
;     -- <=3 input functions                  ; 68                ;
;                                             ;                   ;
; Dedicated logic registers                   ; 0                 ;
;                                             ;                   ;
; I/O pins                                    ; 30                ;
;                                             ;                   ;
; Total DSP Blocks                            ; 0                 ;
;     -- [A] Total Fixed Point DSP Blocks     ; 0                 ;
;     -- [B] Total Floating Point DSP Blocks  ; 0                 ;
;                                             ;                   ;
; Maximum fan-out node                        ; x[1]              ;
; Maximum fan-out                             ; 17                ;
; Total fan-out                               ; 305               ;
; Average fan-out                             ; 2.46              ;
+---------------------------------------------+-------------------+


+--------------------+
; Synthesis Messages ;
+--------------------+
Info: *******************************************************************
Info: Running Quartus Prime Synthesis
    Info: Version 21.2.0 Build 72 06/14/2021 SC Pro Edition
    Info: Processing started: Tue Aug  3 09:40:27 2021
    Info: System process ID: 6132
Info: Command: quartus_syn --read_settings_files=on --write_settings_files=off quotient_divider -c quotient_divider
Info: qis_default_flow_script.tcl version: #2
Info: Initializing Synthesis...
Info: Project = "quotient_divider"
Info: Revision = "quotient_divider"
Info: Analyzing source files
Info: Elaborating from top-level entity "quotient_divider"
Info: Found 1 design entities
Info: There are 1 partitions after elaboration.
Info: Creating instance-specific data models and dissolving soft partitions
Info (18299): Expanding entity and wildcard assignments.
Info (18300): Expanded entity and wildcard assignments. Elapsed time: 00:00:00
Info: found pre-synthesis snapshots for 1 partition(s)
Info: Synthesizing partition "root_partition"
Info (278001): Inferred 2 megafunctions from design logic
    Info (278004): Inferred divider/modulo megafunction ("lpm_divide") from the following logic: "div_0_rtl_0"
    Info (278004): Inferred divider/modulo megafunction ("lpm_divide") from the following logic: "mod_0_rtl_0"
Info (286030): Timing-Driven Synthesis is running
Info (21057): Implemented 124 device resources after synthesis - the final resource count might be different
    Info (21058): Implemented 15 input pins
    Info (21059): Implemented 15 output pins
    Info (21061): Implemented 94 logic cells
Info: Successfully synthesized partition
Info: Saving post-synthesis snapshots for 1 partition(s)
Info: Quartus Prime Synthesis was successful. 0 errors, 0 warnings
    Info: Peak virtual memory: 498 megabytes
    Info: Processing ended: Tue Aug  3 09:40:33 2021
    Info: Elapsed time: 00:00:06
    Info: System process ID: 6132


